No error handlers are registered, logging exception.
Traceback (most recent call last):
  File "/Library/Frameworks/Python.framework/Versions/3.14/lib/python3.14/site-packages/telegram/ext/_application.py", line 1315, in process_update
    await coroutine
  File "/Library/Frameworks/Python.framework/Versions/3.14/lib/python3.14/site-packages/telegram/ext/_handlers/basehandler.py", line 159, in handle_update
    return await self.callback(update, context)
           ^^^^^^^^^^^^^^^^^^^^^^^^^^^^^^^^^^^^
  File "/Users/ta4haa/taskbot/bot.py", line 25, in add_task
    save_tasks(tasks)
    ~~~~~~~~~~^^^^^^^
  File "/Users/ta4haa/taskbot/bot.py", line 15, in save_tasks
    with open(TASKS_FILE, "w", encoding="utf-8") as f:
         ~~~~^^^^^^^^^^^^^^^^^^^^^^^^^^^^^^^^^^^
OSError: [Errno 30] Read-only file system: 'tasks.json'
No error handlers are registered, logging exception.
Traceback (most recent call last):
  File "/Library/Frameworks/Python.framework/Versions/3.14/lib/python3.14/site-packages/telegram/ext/_application.py", line 1315, in process_update
    await coroutine
  File "/Library/Frameworks/Python.framework/Versions/3.14/lib/python3.14/site-packages/telegram/ext/_handlers/basehandler.py", line 159, in handle_update
    return await self.callback(update, context)
           ^^^^^^^^^^^^^^^^^^^^^^^^^^^^^^^^^^^^
  File "/Users/ta4haa/taskbot/bot.py", line 25, in add_task
    save_tasks(tasks)
    ~~~~~~~~~~^^^^^^^
  File "/Users/ta4haa/taskbot/bot.py", line 15, in save_tasks
    with open(TASKS_FILE, "w", encoding="utf-8") as f:
         ~~~~^^^^^^^^^^^^^^^^^^^^^^^^^^^^^^^^^^^
OSError: [Errno 30] Read-only file system: 'tasks.json'
🤖 البوت يعمل...
